Target Part: AGL030V5_VQFP100_STD
Report for cell WuPu.rtl
  Core Cell usage:
              cell count     area count*area
              AND2     5      1.0        5.0
              AND3     1      1.0        1.0
               AO1    14      1.0       14.0
              AO14    24      1.0       24.0
              AO1A    12      1.0       12.0
              AO1C     5      1.0        5.0
              AO1D     1      1.0        1.0
              AOI1     8      1.0        8.0
             AOI1B     1      1.0        1.0
               AX1     1      1.0        1.0
              AX1A     2      1.0        2.0
              AX1E     2      1.0        2.0
            CLKINT     3      0.0        0.0
               GND    20      0.0        0.0
               INV     8      1.0        8.0
               MX2    17      1.0       17.0
              MX2A     1      1.0        1.0
              MX2B     4      1.0        4.0
              MX2C     3      1.0        3.0
             NAND2     1      1.0        1.0
              NOR2    25      1.0       25.0
             NOR2A    66      1.0       66.0
             NOR2B    41      1.0       41.0
              NOR3    15      1.0       15.0
             NOR3A    35      1.0       35.0
             NOR3B    19      1.0       19.0
             NOR3C     9      1.0        9.0
               OA1    13      1.0       13.0
              OA1A     4      1.0        4.0
              OA1B     5      1.0        5.0
              OA1C     5      1.0        5.0
              OAI1     5      1.0        5.0
               OR2    37      1.0       37.0
              OR2A    22      1.0       22.0
              OR2B    15      1.0       15.0
               OR3    21      1.0       21.0
              OR3A     7      1.0        7.0
              OR3B     5      1.0        5.0
              OR3C     2      1.0        2.0
            ULSICC     1      0.0        0.0
               VCC    20      0.0        0.0
               XA1     2      1.0        2.0
              XA1A     4      1.0        4.0
              XA1B     1      1.0        1.0
              XA1C     1      1.0        1.0
              XAI1     1      1.0        1.0
             XAI1A     1      1.0        1.0
             XNOR2     5      1.0        5.0
             XNOR3     1      1.0        1.0
               XO1     1      1.0        1.0
              XO1A     5      1.0        5.0
              XOR2    15      1.0       15.0
              XOR3     1      1.0        1.0


          DFN0E0C0     8      1.0        8.0
          DFN0E1C0    10      1.0       10.0
              DFN1     1      1.0        1.0
            DFN1C0    56      1.0       56.0
          DFN1E0C0    19      1.0       19.0
          DFN1E1C0    41      1.0       41.0
          DFN1E1P0     4      1.0        4.0
            DFN1P0    13      1.0       13.0
              DLN0     1      1.0        1.0
                   -----          ----------
             TOTAL   696               652.0


  IO Cell usage:
              cell count
             BIBUF     1
             INBUF    11
          INBUF_FF     1
            OUTBUF    19
                   -----
             TOTAL    32


Core Cells         : 652 of 768 (85%)
IO Cells           : 32
