Target Part: AGL250V5_VQFP100_STD
Report for cell ZBCONTROLER_IRQs.rtl
  Core Cell usage:
              cell count     area count*area
              AND2     4      1.0        4.0
              AND3     1      1.0        1.0
              AO14    24      1.0       24.0
              AO1A     1      1.0        1.0
              AO1D     1      1.0        1.0
              AOI1     2      1.0        2.0
            CLKINT     2      0.0        0.0
               GND     9      0.0        0.0
               INV     4      1.0        4.0
               MX2     1      1.0        1.0
             NAND2     1      1.0        1.0
              NOR2     1      1.0        1.0
             NOR2B     7      1.0        7.0
              NOR3     2      1.0        2.0
             NOR3A     5      1.0        5.0
             NOR3B     2      1.0        2.0
              OA1B     2      1.0        2.0
               OR2     4      1.0        4.0
              OR2A     2      1.0        2.0
               OR3     3      1.0        3.0
            ULSICC     1      0.0        0.0
               VCC     9      0.0        0.0
              XOR2     1      1.0        1.0


              DFN1     2      1.0        2.0
            DFN1C0     6      1.0        6.0
          DFN1E1C0     4      1.0        4.0
          DFN1E1P0     2      1.0        2.0
            DFN1P0     5      1.0        5.0
              DLN0     1      1.0        1.0
                   -----          ----------
             TOTAL   109                88.0


  IO Cell usage:
              cell count
             INBUF     5
          INBUF_FF     1
            OUTBUF     6
                   -----
             TOTAL    12


Core Cells         : 88 of 6144 (1%)
IO Cells           : 12

  RAM/ROM Usage Summary
Block Rams : 0 of 8 (0%)

