Microsemi Libero Software
Version: 11.1.0.14
Release: v11.1

Info: The design WuPu.adb was last modified by software version 11.1.0.14.
Opened an existing Libero design WuPu.adb.
'BA_NAME' set to 'WuPu_ba'
'IDE_DESIGNERVIEW_NAME' set to 'Impl1'
'IDE_DESIGNERVIEW_COUNT' set to '1'
'IDE_DESIGNERVIEW_REV0' set to 'Impl1'
'IDE_DESIGNERVIEW_REVNUM0' set to '1'
'IDE_DESIGNERVIEW_ROOTDIR' set to 'C:\Users\Victor
Ros\Documents\Cookies\wake_up_radio\auxpoyect\testAGL30k\RingOsc_version0_2_Glitcher\designer'
'IDE_DESIGNERVIEW_LASTREV' set to '1'
While analyzing gated clock network, ambiguities have been found on gates
RingOscillator_0/AO14_0:Y, RingOscillator_0/AO14_1:Y, RingOscillator_0/AO14_2:Y,
RingOscillator_0/AO14_12:Y, RingOscillator_0/AO14_13:Y, RingOscillator_0/AO14_16:Y,
RingOscillator_0/AO14_3:Y, RingOscillator_0/AO14_4:Y, RingOscillator_0/AO14_5:Y,
RingOscillator_0/AO14_17:Y, RingOscillator_0/AO14_18:Y, RingOscillator_0/AO14_19:Y,
RingOscillator_0/AO14_6:Y, RingOscillator_0/AO14_7:Y, RingOscillator_0/AO14_8:Y,
RingOscillator_0/AO14_20:Y, RingOscillator_0/AO14_21:Y, RingOscillator_0/AO14_22:Y,
RingOscillator_0/AO14_9:Y, RingOscillator_0/AO14_10:Y, RingOscillator_0/AO14_11:Y,
RingOscillator_0/AO14_23:Y, RingOscillator_0/AO14_14:Y, RingOscillator_0/AO14_15:Y.
The timing models of these gates have been simplified for Static Timing Analysis.
Info: Combinational loops have been detected in the design.
      To view the details, go to Tools->Reports->Timing->Combinational_Loops
Wrote timing report to file: WuPu_maxdelay_timing_report.txt

The Report command succeeded ( 00:00:01 )
Wrote timing report to file: WuPu_mindelay_timing_report.txt

The Report command succeeded ( 00:00:00 )
Wrote timing_violations report to file: WuPu_maxdelay_timingviolations_report.txt

The Report command succeeded ( 00:00:00 )
Wrote timing_violations report to file: WuPu_mindelay_timingviolations_report.txt

The Report command succeeded ( 00:00:00 )
Design saved to file C:\Users\Victor
Ros\Documents\Cookies\wake_up_radio\auxpoyect\testAGL30k\RingOsc_version0_2_Glitcher\designer\i\
mpl1\WuPu.adb.

The Execute Script command succeeded ( 00:00:02 )
Design closed.

