Target Part: AGL030V5_VQFP100_STD
Report for cell WuPu.rtl
  Core Cell usage:
              cell count     area count*area
              AND2     1      1.0        1.0
              AO1A     1      1.0        1.0
              AOI1     1      1.0        1.0
            CLKINT     1      0.0        0.0
               GND     6      0.0        0.0
               INV     1      1.0        1.0
             NAND2     1      1.0        1.0
             NOR2B     6      1.0        6.0
               OR2     4      1.0        4.0
              OR2A     1      1.0        1.0
            ULSICC     1      0.0        0.0
               VCC     6      0.0        0.0


              DFN1     1      1.0        1.0
            DFN1C0     4      1.0        4.0
          DFN1E1C0     2      1.0        2.0
          DFN1E1P0     1      1.0        1.0
            DFN1P0     3      1.0        3.0
              DLN0     1      1.0        1.0
                   -----          ----------
             TOTAL    42                28.0


  IO Cell usage:
              cell count
             INBUF     3
          INBUF_FF     1
            OUTBUF     8
                   -----
             TOTAL    12


Core Cells         : 28 of 768 (4%)
IO Cells           : 12
