Microsemi Libero Software
Version: 11.1.0.14
Release: v11.1


 Netlist Reading Time = 0.0 seconds
Imported the files:
   C:\Users\Victor Ros\Documents\Cookies\wake_up_radio\auxpoyect\TestMochila\synthesis\WuPu.edn
   C:\Users\Victor
Ros\Documents\Cookies\wake_up_radio\auxpoyect\TestMochila\component\work\WuPu\WuPu.pdc

The Import command succeeded ( 00:00:05 )
Info: The design C:\Users\Victor
      Ros\Documents\Cookies\wake_up_radio\auxpoyect\TestMochila\designer\impl1\WuPu.adb was last
      modified by software version 11.1.0.14.
Opened an existing Libero design C:\Users\Victor
Ros\Documents\Cookies\wake_up_radio\auxpoyect\TestMochila\designer\impl1\WuPu.adb.
'BA_NAME' set to 'WuPu_ba'
'KEEP_EXISTING_PHYSICAL_CONSTRAINTS' set to '1'
'SDC_IMPORT_MERGE' set to '1'
'IDE_DESIGNERVIEW_NAME' set to 'Impl1'
'IDE_DESIGNERVIEW_COUNT' set to '1'
'IDE_DESIGNERVIEW_REV0' set to 'Impl1'
'IDE_DESIGNERVIEW_REVNUM0' set to '1'
'IDE_DESIGNERVIEW_ROOTDIR' set to 'C:\Users\Victor
Ros\Documents\Cookies\wake_up_radio\auxpoyect\TestMochila\designer'
'IDE_DESIGNERVIEW_LASTREV' set to '1'

The Execute Script command succeeded ( 00:00:00 )
=====================================================================
Parameters used to run compile:
===============================

Family      : IGLOO
Device      : AGL030V5
Package     : 100 VQFP
Source      : C:\Users\Victor
Ros\Documents\Cookies\wake_up_radio\auxpoyect\TestMochila\synthesis\WuPu.edn
              C:\Users\Victor
Ros\Documents\Cookies\wake_up_radio\auxpoyect\TestMochila\component\work\WuPu\WuPu.pdc
Format      : EDIF
Topcell     : WuPu
Speed grade : STD
Temp        : 0:25:70
Voltage     : 1.58:1.50:1.42

Keep Existing Physical Constraints : Yes
Keep Existing Timing Constraints   : Yes

pdc_abort_on_error                 : Yes
pdc_eco_display_unmatched_objects  : No
pdc_eco_max_warnings               : 10000

demote_globals                     : No
promote_globals                    : No
localclock_max_shared_instances    : 12
localclock_buffer_tree_max_fanout  : 12

combine_register                   : No
delete_buffer_tree                 : No

report_high_fanout_nets_limit      : 10

=====================================================================
Compile starts ...

Combiner is turned off (switch COB_DO_COB = 0). Skipping optimizations. Only netlist
legalization will be performed.
WARNING: Combiner is turned-off, tie-off will not be done
WARNING: Combiner is turned-off, logic combining will not be done
WARNING: Combiner is turned-off, gobbler will not be done

Netlist Optimization Report
===========================

Optimized macros:
  - Dangling net drivers:   0
  - Buffers:                0
  - Inverters:              1
  - Tieoff:                 0
  - Logic combining:        0

    Total macros optimized  1

Warning: CMP503: Remapped 5 enable flip-flop(s) to a 2-tile implementation because the CLR/PRE
         pin on the enable flip-flop is not being driven by a global net.

There were 0 error(s) and 1 warning(s) in this design.
=====================================================================

Reading previous post-compile physical placement constraints.


There were 0 error(s) and 0 warning(s).

=====================================================================

Reading user pdc (Physical Design Constraints) file(s) postcompile


There were 0 error(s) and 0 warning(s) in reading the user pdc.

=====================================================================
Compile report:
===============

    CORE                       Used:     67  Total:    768   (8.72%)
    IO (W/ clocks)             Used:      8  Total:     77   (10.39%)
    GLOBAL (Chip)              Used:      2  Total:      6   (33.33%)
    Low Static ICC             Used:      1  Total:      1   (100.00%)
    FlashROM                   Used:      0  Total:      1   (0.00%)
    User JTAG                  Used:      0  Total:      1   (0.00%)

Global Information:

    Type            | Used   | Total
    ----------------|--------|--------------
    Chip global     | 2      | 6  (33.33%)*

    (*) Chip globals may be assigned to Quadrant globals using the Multi-View Navigator (MVN)
        or Physical Design Constraints (PDC).
        They may also be assigned to Quadrant globals automatically during Layout.

Core Information:

    Type    | Instances    | Core tiles
    --------|--------------|-----------
    COMB    | 51           | 51
    SEQ     | 16           | 16

I/O Function:

    Type                          | w/o register  | w/ register  | w/ DDR register
    ------------------------------|---------------|--------------|----------------
    Input I/O                     | 2             | 0            | 0
    Output I/O                    | 6             | 0            | 0
    Bidirectional I/O             | 0             | 0            | 0
    Differential Input I/O Pairs  | 0             | 0            | 0
    Differential Output I/O Pairs | 0             | 0            | 0

I/O Technology:

                                    |   Voltages    |             I/Os
    --------------------------------|-------|-------|-------|--------|--------------
    I/O Standard(s)                 | Vcci  | Vref  | Input | Output | Bidirectional
    --------------------------------|-------|-------|-------|--------|--------------
    LVCMOS15                        | 1.50v | N/A   | 2     | 6      | 0

I/O Placement:

    Locked  :   7 ( 87.50% )
    Placed  :   0
    UnPlaced:   1 ( 12.50% )

Warning: Only some I/Os are locked

Net information report:
=======================

The following nets drive enable flip-flops that have been remapped to a 2-tile implementation:
    EffCnt  Type          Name
    --------------------------
    5       SET/RESET_NET Net   : RESETZB_c
                          Driver: INBUF_0

The following nets have been assigned to a chip global resource:
    Fanout  Type          Name
    --------------------------
    14      CLK_NET       Net   : RingOscillator_0_CLK_OUT
                          Driver: RingOscillator_0/ringO_cnt_0/DFN1E1C0_NU_3_RNIFSD1
                          Source: NETLIST
    1       INT_NET       Net   : CLK_GATED_c
                          Driver:
newCore_0/newCore_wrapper_inst/U0/Primary_Filter_Instance/Gate_For_Clock_Gating_Clkint
                          Source: NETLIST

High fanout nets in the post compile netlist:
    Fanout  Type          Name
    --------------------------
    16      SET/RESET_NET Net   : RESETZB_c
                          Driver: INBUF_0
    7       INT_NET       Net   :
newCore_0/newCore_wrapper_inst/U0/FlashFreeze_FSM_inst/Flash_Freeze_reg_i_0
                          Driver:
newCore_0/newCore_wrapper_inst/U0/FlashFreeze_FSM_inst/Flash_Freeze_reg
    5       CLK_NET       Net   : RingOscillator_0/AO14_15_Y
                          Driver: RingOscillator_0/AO14_15
    4       INT_NET       Net   :
newCore_0/newCore_wrapper_inst/U0/FlashFreeze_FSM_inst/ff_current_state[1]
                          Driver:
newCore_0/newCore_wrapper_inst/U0/FlashFreeze_FSM_inst/ff_current_state[1]
    4       INT_NET       Net   :
newCore_0/newCore_wrapper_inst/U0/FlashFreeze_FSM_inst/ff_current_state[5]
                          Driver:
newCore_0/newCore_wrapper_inst/U0/FlashFreeze_FSM_inst/ff_current_state[5]
    4       INT_NET       Net   : RingOscillator_0/ringO_cnt_0/NU_0
                          Driver: RingOscillator_0/ringO_cnt_0/DFN1C0_NU_0
    4       INT_NET       Net   : RingOscillator_0/ringO_cnt_0/NU_1
                          Driver: RingOscillator_0/ringO_cnt_0/DFN1E1C0_NU_1/U1
    3       INT_NET       Net   : Flash_Freeze_Enabled_OUT_PRE_INV0_0_i
                          Driver:
newCore_0/newCore_wrapper_inst/U0/FlashFreeze_FSM_inst/trigger_ulsicc/U1
    3       INT_NET       Net   :
newCore_0/newCore_wrapper_inst/U0/FlashFreeze_FSM_inst/housekeeping_request_0_sqmuxa
                          Driver:
newCore_0/newCore_wrapper_inst/U0/FlashFreeze_FSM_inst/ff_current_state_RNI4TTD[3]
    3       INT_NET       Net   :
newCore_0/newCore_wrapper_inst/U0/FlashFreeze_FSM_inst/N_Housekeeping
                          Driver:
newCore_0/newCore_wrapper_inst/U0/FlashFreeze_FSM_inst/housekeeping_request/U1

Nets that are candidates for clock assignment and the resulting fanout:
    Fanout  Type          Name
    --------------------------
    16      SET/RESET_NET Net   : RESETZB_c
                          Driver: INBUF_0
    7       INT_NET       Net   :
newCore_0/newCore_wrapper_inst/U0/FlashFreeze_FSM_inst/Flash_Freeze_reg_i_0
                          Driver:
newCore_0/newCore_wrapper_inst/U0/FlashFreeze_FSM_inst/Flash_Freeze_reg
    5       CLK_NET       Net   : RingOscillator_0/AO14_15_Y
                          Driver: RingOscillator_0/AO14_15
    4       INT_NET       Net   :
newCore_0/newCore_wrapper_inst/U0/FlashFreeze_FSM_inst/ff_current_state[1]
                          Driver:
newCore_0/newCore_wrapper_inst/U0/FlashFreeze_FSM_inst/ff_current_state[1]
    4       INT_NET       Net   :
newCore_0/newCore_wrapper_inst/U0/FlashFreeze_FSM_inst/ff_current_state[5]
                          Driver:
newCore_0/newCore_wrapper_inst/U0/FlashFreeze_FSM_inst/ff_current_state[5]
    4       INT_NET       Net   : RingOscillator_0/ringO_cnt_0/NU_0
                          Driver: RingOscillator_0/ringO_cnt_0/DFN1C0_NU_0
    4       INT_NET       Net   : RingOscillator_0/ringO_cnt_0/NU_1
                          Driver: RingOscillator_0/ringO_cnt_0/DFN1E1C0_NU_1/U1
    3       INT_NET       Net   : Flash_Freeze_Enabled_OUT_PRE_INV0_0_i
                          Driver:
newCore_0/newCore_wrapper_inst/U0/FlashFreeze_FSM_inst/trigger_ulsicc/U1
    3       INT_NET       Net   :
newCore_0/newCore_wrapper_inst/U0/FlashFreeze_FSM_inst/housekeeping_request_0_sqmuxa
                          Driver:
newCore_0/newCore_wrapper_inst/U0/FlashFreeze_FSM_inst/ff_current_state_RNI4TTD[3]
    3       INT_NET       Net   :
newCore_0/newCore_wrapper_inst/U0/FlashFreeze_FSM_inst/N_Housekeeping
                          Driver:
newCore_0/newCore_wrapper_inst/U0/FlashFreeze_FSM_inst/housekeeping_request/U1
====================
Flash*Freeze report:
====================

Info: This design uses Flash*Freeze type 2.
The Flash*Freeze port name is "wakeup".

====================

The Compile command succeeded ( 00:00:03 )
While analyzing gated clock network, ambiguities have been found on gates
RingOscillator_0/muxSwitcthRing_0/MX2_Result:Y, RingOscillator_0/AO14_0:Y,
RingOscillator_0/AO14_1:Y, RingOscillator_0/AO14_2:Y, RingOscillator_0/AO14_12:Y,
RingOscillator_0/AO14_13:Y, RingOscillator_0/AO14_16:Y, RingOscillator_0/AO14_3:Y,
RingOscillator_0/AO14_4:Y, RingOscillator_0/AO14_5:Y, RingOscillator_0/AO14_17:Y,
RingOscillator_0/AO14_18:Y, RingOscillator_0/AO14_19:Y, RingOscillator_0/AO14_6:Y,
RingOscillator_0/AO14_7:Y, RingOscillator_0/AO14_8:Y, RingOscillator_0/AO14_20:Y,
RingOscillator_0/AO14_21:Y, RingOscillator_0/AO14_22:Y, RingOscillator_0/AO14_9:Y,
RingOscillator_0/AO14_10:Y, RingOscillator_0/AO14_11:Y, RingOscillator_0/AO14_23:Y,
RingOscillator_0/AO14_14:Y, RingOscillator_0/AO14_15:Y.
The timing models of these gates have been simplified for Static Timing Analysis.
Info: Combinational loops have been detected in the design.
      To view the details, go to Tools->Reports->Timing->Combinational_Loops
Warning: The following files already exist:
         
         C:\Users\Victor
         Ros\Documents\Cookies\wake_up_radio\auxpoyect\TestMochila\designer\impl1\WuPu.pdb
         
         Do you want to replace the files? [YES]
***** Layout Variables *********************************************

Mode: TIMING_DRIVEN
Power-driven Layout: OFF
Incremental Placement: OFF
Incremental Route: OFF



Running I/O Bank Assigner.

I/O Bank Assigner completed successfully.
 

Planning global net placement...

Global net placement completed successfully.

                        o - o - o - o - o - o

Timing-driven Placer Started: Wed Oct 02 12:34:52 2013

Placer Finished: Wed Oct 02 12:34:53 2013
Total Placer CPU Time:     00:00:01

                        o - o - o - o - o - o

INFO: NO_TOP_AGGREGATION option enabled
While analyzing gated clock network, ambiguities have been found on gates
RingOscillator_0/muxSwitcthRing_0/MX2_Result:Y, RingOscillator_0/AO14_0:Y,
RingOscillator_0/AO14_1:Y, RingOscillator_0/AO14_2:Y, RingOscillator_0/AO14_12:Y,
RingOscillator_0/AO14_13:Y, RingOscillator_0/AO14_16:Y, RingOscillator_0/AO14_3:Y,
RingOscillator_0/AO14_4:Y, RingOscillator_0/AO14_5:Y, RingOscillator_0/AO14_17:Y,
RingOscillator_0/AO14_18:Y, RingOscillator_0/AO14_19:Y, RingOscillator_0/AO14_6:Y,
RingOscillator_0/AO14_7:Y, RingOscillator_0/AO14_8:Y, RingOscillator_0/AO14_20:Y,
RingOscillator_0/AO14_21:Y, RingOscillator_0/AO14_22:Y, RingOscillator_0/AO14_9:Y,
RingOscillator_0/AO14_10:Y, RingOscillator_0/AO14_11:Y, RingOscillator_0/AO14_23:Y,
RingOscillator_0/AO14_14:Y, RingOscillator_0/AO14_15:Y.
The timing models of these gates have been simplified for Static Timing Analysis.
Info: Combinational loops have been detected in the design.
      To view the details, go to Tools->Reports->Timing->Combinational_Loops

Timing-driven Router 
Design: WuPu                            Started: Wed Oct 02 12:34:55 2013

While analyzing gated clock network, ambiguities have been found on gates
RingOscillator_0/muxSwitcthRing_0/MX2_Result:Y, RingOscillator_0/AO14_0:Y,
RingOscillator_0/AO14_1:Y, RingOscillator_0/AO14_2:Y, RingOscillator_0/AO14_12:Y,
RingOscillator_0/AO14_13:Y, RingOscillator_0/AO14_16:Y, RingOscillator_0/AO14_3:Y,
RingOscillator_0/AO14_4:Y, RingOscillator_0/AO14_5:Y, RingOscillator_0/AO14_17:Y,
RingOscillator_0/AO14_18:Y, RingOscillator_0/AO14_19:Y, RingOscillator_0/AO14_6:Y,
RingOscillator_0/AO14_7:Y, RingOscillator_0/AO14_8:Y, RingOscillator_0/AO14_20:Y,
RingOscillator_0/AO14_21:Y, RingOscillator_0/AO14_22:Y, RingOscillator_0/AO14_9:Y,
RingOscillator_0/AO14_10:Y, RingOscillator_0/AO14_11:Y, RingOscillator_0/AO14_23:Y,
RingOscillator_0/AO14_14:Y, RingOscillator_0/AO14_15:Y.
The timing models of these gates have been simplified for Static Timing Analysis.
Info:  Combinational loops have been detected in the design.
       To view the details, go to Tools->Reports->Timing->Combinational_Loops
 
While analyzing gated clock network, ambiguities have been found on gates
RingOscillator_0/muxSwitcthRing_0/MX2_Result:Y, RingOscillator_0/AO14_0:Y,
RingOscillator_0/AO14_1:Y, RingOscillator_0/AO14_2:Y, RingOscillator_0/AO14_12:Y,
RingOscillator_0/AO14_13:Y, RingOscillator_0/AO14_16:Y, RingOscillator_0/AO14_3:Y,
RingOscillator_0/AO14_4:Y, RingOscillator_0/AO14_5:Y, RingOscillator_0/AO14_17:Y,
RingOscillator_0/AO14_18:Y, RingOscillator_0/AO14_19:Y, RingOscillator_0/AO14_6:Y,
RingOscillator_0/AO14_7:Y, RingOscillator_0/AO14_8:Y, RingOscillator_0/AO14_20:Y,
RingOscillator_0/AO14_21:Y, RingOscillator_0/AO14_22:Y, RingOscillator_0/AO14_9:Y,
RingOscillator_0/AO14_10:Y, RingOscillator_0/AO14_11:Y, RingOscillator_0/AO14_23:Y,
RingOscillator_0/AO14_14:Y, RingOscillator_0/AO14_15:Y.
The timing models of these gates have been simplified for Static Timing Analysis.
Info:  Combinational loops have been detected in the design.
       To view the details, go to Tools->Reports->Timing->Combinational_Loops
Iterative improvement...
While analyzing gated clock network, ambiguities have been found on gates
RingOscillator_0/muxSwitcthRing_0/MX2_Result:Y, RingOscillator_0/AO14_0:Y,
RingOscillator_0/AO14_1:Y, RingOscillator_0/AO14_2:Y, RingOscillator_0/AO14_12:Y,
RingOscillator_0/AO14_13:Y, RingOscillator_0/AO14_16:Y, RingOscillator_0/AO14_3:Y,
RingOscillator_0/AO14_4:Y, RingOscillator_0/AO14_5:Y, RingOscillator_0/AO14_17:Y,
RingOscillator_0/AO14_18:Y, RingOscillator_0/AO14_19:Y, RingOscillator_0/AO14_6:Y,
RingOscillator_0/AO14_7:Y, RingOscillator_0/AO14_8:Y, RingOscillator_0/AO14_20:Y,
RingOscillator_0/AO14_21:Y, RingOscillator_0/AO14_22:Y, RingOscillator_0/AO14_9:Y,
RingOscillator_0/AO14_10:Y, RingOscillator_0/AO14_11:Y, RingOscillator_0/AO14_23:Y,
RingOscillator_0/AO14_14:Y, RingOscillator_0/AO14_15:Y.
The timing models of these gates have been simplified for Static Timing Analysis.
Info:  Combinational loops have been detected in the design.
       To view the details, go to Tools->Reports->Timing->Combinational_Loops

Timing-driven Router completed successfully.

Design: WuPu                            
Finished: Wed Oct 02 12:34:56 2013
Total CPU Time:     00:00:01            Total Elapsed Time: 00:00:01
Total Memory Usage: 87.0 Mbytes
                        o - o - o - o - o - o

Loading the Timing data for the design.
While analyzing gated clock network, ambiguities have been found on gates
RingOscillator_0/muxSwitcthRing_0/MX2_Result:Y, RingOscillator_0/AO14_0:Y,
RingOscillator_0/AO14_1:Y, RingOscillator_0/AO14_2:Y, RingOscillator_0/AO14_12:Y,
RingOscillator_0/AO14_13:Y, RingOscillator_0/AO14_16:Y, RingOscillator_0/AO14_3:Y,
RingOscillator_0/AO14_4:Y, RingOscillator_0/AO14_5:Y, RingOscillator_0/AO14_17:Y,
RingOscillator_0/AO14_18:Y, RingOscillator_0/AO14_19:Y, RingOscillator_0/AO14_6:Y,
RingOscillator_0/AO14_7:Y, RingOscillator_0/AO14_8:Y, RingOscillator_0/AO14_20:Y,
RingOscillator_0/AO14_21:Y, RingOscillator_0/AO14_22:Y, RingOscillator_0/AO14_9:Y,
RingOscillator_0/AO14_10:Y, RingOscillator_0/AO14_11:Y, RingOscillator_0/AO14_23:Y,
RingOscillator_0/AO14_14:Y, RingOscillator_0/AO14_15:Y.
The timing models of these gates have been simplified for Static Timing Analysis.
Info: Combinational loops have been detected in the design.
      To view the details, go to Tools->Reports->Timing->Combinational_Loops
Finished loading the Timing data.

The Layout command succeeded ( 00:00:10 )
INFO: NO_TOP_AGGREGATION option enabled

The Export-map command succeeded ( 00:00:04 )
Warning: Overwriting the existing file: C:\Users\Victor
         Ros\Documents\Cookies\wake_up_radio\auxpoyect\TestMochila\designer\impl1\WuPu.pdb.
Wrote to the file: C:\Users\Victor
Ros\Documents\Cookies\wake_up_radio\auxpoyect\TestMochila\designer\impl1\WuPu.pdb
CHECKSUM: 7CB3

The Generate programming file command succeeded ( 00:00:15 )
Design saved to file C:\Users\Victor
Ros\Documents\Cookies\wake_up_radio\auxpoyect\TestMochila\designer\impl1\WuPu.adb.
Design closed.

