EN manchester_encoder NULL C:/Users/Victor/Documents/Cookies/wake_up_radio/auxpoyect/manchester_enc/manchester_enc.vhd sub00/vhpl00 1311238136
AR manchester_encoder rtl C:/Users/Victor/Documents/Cookies/wake_up_radio/auxpoyect/manchester_enc/manchester_enc.vhd sub00/vhpl01 1311238137
EN mom_unit NULL C:/Users/Victor/Documents/Cookies/wake_up_radio/auxpoyect/manchester_enc/manchester_enc.vhd sub00/vhpl02 1314882672
AR mom_unit rtl C:/Users/Victor/Documents/Cookies/wake_up_radio/auxpoyect/manchester_enc/manchester_enc.vhd sub00/vhpl03 1314882673
