Target Part: AGL030V5_VQFP100_STD
Report for cell WuPu.rtl
  Core Cell usage:
              cell count     area count*area
              AND2     4      1.0        4.0
              AND3     2      1.0        2.0
              AO14    24      1.0       24.0
              AO1A     2      1.0        2.0
            CLKINT     2      0.0        0.0
               GND    10      0.0        0.0
               INV     6      1.0        6.0
               MX2     1      1.0        1.0
             NAND2     1      1.0        1.0
              NOR2     1      1.0        1.0
             NOR2A     4      1.0        4.0
             NOR2B     1      1.0        1.0
              OA1B     1      1.0        1.0
            ULSICC     1      0.0        0.0
               VCC    10      0.0        0.0
              XOR2     2      1.0        2.0


              DFN1     1      1.0        1.0
            DFN1C0    10      1.0       10.0
          DFN1E0C0     1      1.0        1.0
          DFN1E1C0     4      1.0        4.0
          DFN1E1P0     1      1.0        1.0
            DFN1P0     1      1.0        1.0
              DLN0     1      1.0        1.0
                   -----          ----------
             TOTAL    91                68.0


  IO Cell usage:
              cell count
             INBUF     2
          INBUF_FF     1
            OUTBUF     6
                   -----
             TOTAL     9


Core Cells         : 68 of 768 (9%)
IO Cells           : 9
