Target Part: AGL030V5_VQFP100_STD
Report for cell WuPu.rtl
  Core Cell usage:
              cell count     area count*area
              AND2     5      1.0        5.0
              AND3     1      1.0        1.0
               AO1    21      1.0       21.0
              AO14    24      1.0       24.0
              AO1A    13      1.0       13.0
              AO1B     2      1.0        2.0
              AO1C     6      1.0        6.0
              AO1D     1      1.0        1.0
              AOI1     6      1.0        6.0
             AOI1B     2      1.0        2.0
               AX1     1      1.0        1.0
              AX1A     1      1.0        1.0
              AX1C     1      1.0        1.0
              AX1E     1      1.0        1.0
            CLKINT     3      0.0        0.0
               GND    19      0.0        0.0
               INV     8      1.0        8.0
               MX2     9      1.0        9.0
              MX2A     1      1.0        1.0
              MX2B     2      1.0        2.0
              MX2C     3      1.0        3.0
             NAND2     1      1.0        1.0
              NOR2    22      1.0       22.0
             NOR2A    57      1.0       57.0
             NOR2B    56      1.0       56.0
              NOR3    15      1.0       15.0
             NOR3A    37      1.0       37.0
             NOR3B    26      1.0       26.0
             NOR3C    15      1.0       15.0
               OA1     8      1.0        8.0
              OA1A     5      1.0        5.0
              OA1B    10      1.0       10.0
              OA1C    10      1.0       10.0
              OAI1     3      1.0        3.0
               OR2    31      1.0       31.0
              OR2A    33      1.0       33.0
              OR2B     7      1.0        7.0
               OR3    16      1.0       16.0
              OR3A     8      1.0        8.0
              OR3B     7      1.0        7.0
              OR3C     4      1.0        4.0
            ULSICC     1      0.0        0.0
               VCC    19      0.0        0.0
               XA1     2      1.0        2.0
              XA1A     7      1.0        7.0
              XA1C     1      1.0        1.0
              XAI1     1      1.0        1.0
             XNOR2     4      1.0        4.0
               XO1     1      1.0        1.0
              XO1A     2      1.0        2.0
              XOR2    16      1.0       16.0
              XOR3     1      1.0        1.0


          DFN0E0C0    12      1.0       12.0
          DFN0E1C0     6      1.0        6.0
              DFN1     1      1.0        1.0
            DFN1C0    52      1.0       52.0
          DFN1E0C0    17      1.0       17.0
          DFN1E0P0     1      1.0        1.0
          DFN1E1C0    44      1.0       44.0
          DFN1E1P0     3      1.0        3.0
            DFN1P0    15      1.0       15.0
              DLN0     1      1.0        1.0
                   -----          ----------
             TOTAL   708               666.0


  IO Cell usage:
              cell count
             BIBUF     1
             INBUF     8
          INBUF_FF     1
            OUTBUF    19
                   -----
             TOTAL    29


Core Cells         : 666 of 768 (87%)
IO Cells           : 29
