Target Part: M1AGL600V2_FBGA484_STD
Report for cell generamensajes.rtl
  Core Cell usage:
              cell count     area count*area
              AND2    15      1.0       15.0
              AND3    58      1.0       58.0
               AO1     4      1.0        4.0
              AO14    24      1.0       24.0
              AO1A     1      1.0        1.0
              AO1B     1      1.0        1.0
              AO1C     4      1.0        4.0
              AOI1     1      1.0        1.0
              AX1D     1      1.0        1.0
              AX1E     1      1.0        1.0
            CLKINT     3      0.0        0.0
               GND    10      0.0        0.0
               INV     6      1.0        6.0
               MX2    10      1.0       10.0
              MX2B     2      1.0        2.0
             NAND2     1      1.0        1.0
              NOR2    14      1.0       14.0
             NOR2A    47      1.0       47.0
             NOR2B    29      1.0       29.0
              NOR3     1      1.0        1.0
             NOR3A    14      1.0       14.0
             NOR3B     7      1.0        7.0
             NOR3C    10      1.0       10.0
               OA1     3      1.0        3.0
              OA1A     1      1.0        1.0
              OA1C     2      1.0        2.0
               OR2     6      1.0        6.0
              OR2A     2      1.0        2.0
              OR2B     2      1.0        2.0
               OR3     4      1.0        4.0
              OR3A     5      1.0        5.0
              OR3B     1      1.0        1.0
              OR3C     1      1.0        1.0
               VCC    10      0.0        0.0
               XA1     1      1.0        1.0
             XNOR2     2      1.0        2.0
             XNOR3     2      1.0        2.0
               XO1     1      1.0        1.0
              XO1A     1      1.0        1.0
              XOR2    58      1.0       58.0


            DFN1C0    22      1.0       22.0
          DFN1E0C0     1      1.0        1.0
          DFN1E1C0    75      1.0       75.0
          DFN1E1P0     1      1.0        1.0
            DFN1P0     1      1.0        1.0
                   -----          ----------
             TOTAL   466               443.0


  IO Cell usage:
              cell count
             INBUF    14
            OUTBUF    15
                   -----
             TOTAL    29


Core Cells         : 443 of 13824 (3%)
IO Cells           : 29

  RAM/ROM Usage Summary
Block Rams : 0 of 24 (0%)

